
[04:58:26] MailMsg V1 revision 6 board profile: controlled
report=/userdata/mailmsg-v1-r6/reports/controlled-20231122-045826.log
PASS: R1 artifact hashes

--- diagnostic snapshot ---
image=0/41008 affinity=not-queried (0) affinity_seen_on=0 mailmsg_state=unarmed session=0/0 session_result=-11 stop_sequence=0 stop_reply=0 stop_result=-11 stop_notify=-11 affinity_monitor=0/0 cpu_on_attempted=0 cpu_on_ret=-11 m0c0=rx:0/0x0/0x0,tx:0/-11,notify:-11/0/0/0 m0c1=rx:0/0x0/0x0,tx:0/-11,notify:-11/0/0/0 m0c2=rx:0/0x0/0x0,tx:0/-11,notify:-11/0/0/0 m0c3=rx:0/0x0/0x0,tx:0/-11,notify:-11/0/0/0 a2b_now=m0:0x0 mailmsg_notify=-11 notify_inject=0/-5/0 mailmsg_tx_full=valid:1/commit:1/count:0/priority:4/type:0/result:0 mbox_observation=0x41434b43/0x8/0x0/0x8 magic=0x53544f50 current_el=4
p0 tx=0 full=0 high=0 depth=-1 notify=0/0/0 rx=0 incomplete=0 crc=0 invalid=0 stale=0 depth=-1
p1 tx=0 full=0 high=0 depth=-1 notify=0/0/0 rx=0 incomplete=0 crc=0 invalid=0 stale=0 depth=-1
p2 tx=0 full=0 high=0 depth=-1 notify=0/0/0 rx=0 incomplete=0 crc=0 invalid=0 stale=0 depth=-1
p3 tx=0 full=0 high=0 depth=-1 notify=0/0/0 rx=0 incomplete=0 crc=0 invalid=0 stale=0 depth=-1
mpidr=0x300 level=0 state=off (1)
--- end snapshot ---
PASS: V6 kernel/DT/sysfs preflight

[04:58:27] loading mailmsg-v1-controlled-stop.bin into the reserved CPU3 image window
PASS: SESSION_READY generation 1 and ACTIVE state

[04:58:27] p3 seven-slot queue boundary and explicit recovery doorbell
PASS: eighth p3 frame was rejected while the seven-slot ring remained full

priority=3 valid=1 type=2 sequence=2 value=801
priority=3 valid=1 type=2 sequence=3 value=802
priority=3 valid=1 type=2 sequence=4 value=803
priority=3 valid=1 type=2 sequence=5 value=804
priority=3 valid=1 type=2 sequence=6 value=805
priority=3 valid=1 type=2 sequence=7 value=806
priority=3 valid=1 type=2 sequence=8 value=807
PASS: seven queued p3 frames drained without overwrite

[04:58:27] four-priority user ABI regression
priority=0 type=3 sequence=9 length=8 peer_sequence=9 status=0
priority=0 type=2 sequence=10 length=4 value=101
priority=1 type=3 sequence=11 length=8 peer_sequence=10 status=0
priority=1 type=2 sequence=12 length=4 value=201
priority=2 type=2 sequence=13 length=4 value=301
priority=3 type=2 sequence=14 length=4 value=401
PASS: p0/p1 ACK+PONG and p2/p3 PONG

[04:58:27] single-reader ownership and handoff
exclusive-reader=pass second=EBUSY handoff=EAGAIN
PASS: second reader EBUSY and handoff EAGAIN

[04:58:27] reliable p0 CRC rejection
priority=0 valid=1 type=4 sequence=15 peer_sequence=13 status=1
PASS: bad CRC produced NACK_BAD_CRC

[04:58:27] p3 notification failure, retained frame, and recovery doorbell

priority=3 valid=1 type=2 sequence=16 value=711
priority=3 valid=1 type=2 sequence=17 value=712
PASS: failed doorbell was observable; next doorbell drained both frames

[04:58:27] per-priority final statistics
p0 tx=1 full=0 high=1 depth=0 notify=1/0/0 rx=4 incomplete=0 crc=0 invalid=0 stale=0 depth=0
p1 tx=1 full=0 high=1 depth=0 notify=1/0/0 rx=2 incomplete=0 crc=0 invalid=0 stale=0 depth=0
p2 tx=1 full=0 high=1 depth=0 notify=1/0/0 rx=1 incomplete=0 crc=0 invalid=0 stale=0 depth=0
p3 tx=3 full=0 high=1 depth=0 notify=2/0/1 rx=10 incomplete=0 crc=0 invalid=0 stale=0 depth=0

[04:58:27] STOP_READY, CPU_OFF, and OFFLINE
image=41008/41008 affinity=off (1) affinity_seen_on=1 mailmsg_state=offline session=1/1 session_result=0 stop_sequence=16 stop_reply=6 stop_result=0 stop_notify=0 affinity_monitor=1/0 cpu_on_attempted=1 cpu_on_ret=0 m0c0=rx:4/0xb2a10000/0x0,tx:3/2,notify:0/3/0/0 m0c1=rx:1/0xb2a10001/0x1,tx:1/0,notify:0/1/0/0 m0c2=rx:1/0xb2a10002/0x2,tx:1/0,notify:0/1/0/0 m0c3=rx:6/0xb2a10003/0x3,tx:3/2,notify:0/2/0/1 a2b_now=m0:0x0 mailmsg_notify=0 notify_inject=3/-5/0 mailmsg_tx_full=valid:1/commit:1/count:0/priority:4/type:0/result:0 mbox_observation=0x41434b43/0x1/0x0/0x1 magic=0x53544f50 current_el=4
PASS: controlled STOP reached OFFLINE

[04:58:28] guarded rearm and second-session regression

[04:58:28] loading mailmsg-v1-controlled-stop.bin into the reserved CPU3 image window
PASS: SESSION_READY generation 2 and ACTIVE state
priority=0 type=3 sequence=2 length=8 peer_sequence=1 status=0
priority=0 type=2 sequence=3 length=4 value=1001

[04:58:28] STOP_READY, CPU_OFF, and OFFLINE
image=41008/41008 affinity=off (1) affinity_seen_on=1 mailmsg_state=offline session=2/2 session_result=0 stop_sequence=2 stop_reply=6 stop_result=0 stop_notify=0 affinity_monitor=2/0 cpu_on_attempted=1 cpu_on_ret=0 m0c0=rx:7/0xb2a10000/0x0,tx:5/4,notify:0/5/0/0 m0c1=rx:1/0xb2a10001/0x1,tx:1/0,notify:0/1/0/0 m0c2=rx:1/0xb2a10002/0x2,tx:1/0,notify:0/1/0/0 m0c3=rx:6/0xb2a10003/0x3,tx:3/2,notify:0/2/0/1 a2b_now=m0:0x0 mailmsg_notify=0 notify_inject=3/-5/0 mailmsg_tx_full=valid:1/commit:1/count:0/priority:4/type:0/result:0 mbox_observation=0x41434b43/0x1/0x0/0x1 magic=0x53544f50 current_el=4
PASS: controlled STOP reached OFFLINE
PASS: controlled profile complete; CPU3 is OFF
